------------------------------------------------------------
TimeQuest Timing Analyzer Summary
------------------------------------------------------------

Type  : Slow 1200mV 85C Model Setup 'CLOCK_50'
Slack : -3.976
TNS   : -77.905

Type  : Slow 1200mV 85C Model Setup 'ClkDividerN:inst2|clkOut'
Slack : -0.699
TNS   : -1.729

Type  : Slow 1200mV 85C Model Hold 'ClkDividerN:inst2|clkOut'
Slack : 0.403
TNS   : 0.000

Type  : Slow 1200mV 85C Model Hold 'CLOCK_50'
Slack : 0.449
TNS   : 0.000

Type  : Slow 1200mV 85C Model Minimum Pulse Width 'CLOCK_50'
Slack : -3.000
TNS   : -37.695

Type  : Slow 1200mV 85C Model Minimum Pulse Width 'ClkDividerN:inst2|clkOut'
Slack : -1.285
TNS   : -5.140

Type  : Slow 1200mV 0C Model Setup 'CLOCK_50'
Slack : -3.606
TNS   : -70.317

Type  : Slow 1200mV 0C Model Setup 'ClkDividerN:inst2|clkOut'
Slack : -0.536
TNS   : -1.282

Type  : Slow 1200mV 0C Model Hold 'ClkDividerN:inst2|clkOut'
Slack : 0.354
TNS   : 0.000

Type  : Slow 1200mV 0C Model Hold 'CLOCK_50'
Slack : 0.406
TNS   : 0.000

Type  : Slow 1200mV 0C Model Minimum Pulse Width 'CLOCK_50'
Slack : -3.000
TNS   : -37.695

Type  : Slow 1200mV 0C Model Minimum Pulse Width 'ClkDividerN:inst2|clkOut'
Slack : -1.285
TNS   : -5.140

Type  : Fast 1200mV 0C Model Setup 'CLOCK_50'
Slack : -1.500
TNS   : -23.251

Type  : Fast 1200mV 0C Model Setup 'ClkDividerN:inst2|clkOut'
Slack : 0.176
TNS   : 0.000

Type  : Fast 1200mV 0C Model Hold 'ClkDividerN:inst2|clkOut'
Slack : 0.182
TNS   : 0.000

Type  : Fast 1200mV 0C Model Hold 'CLOCK_50'
Slack : 0.204
TNS   : 0.000

Type  : Fast 1200mV 0C Model Minimum Pulse Width 'CLOCK_50'
Slack : -3.000
TNS   : -31.698

Type  : Fast 1200mV 0C Model Minimum Pulse Width 'ClkDividerN:inst2|clkOut'
Slack : -1.000
TNS   : -4.000

------------------------------------------------------------
